feature@com.agritrace.edairy.desktop.birt.feature=COPY,/Users/bjones/Development/Projects/edairy_desktop,com.agritrace.edairy.desktop.birt.feature
plugin@com.agritrace.edairy.desktop.birt=COPY,/Users/bjones/Development/Projects/edairy_desktop,com.agritrace.edairy.desktop.birt
feature@com.agritrace.edairy.desktop.feature=COPY,/Users/bjones/Development/Projects/edairy_desktop,com.agritrace.edairy.desktop.feature
plugin@com.agritrace.edairy.desktop.dairy.locations.ui=COPY,/Users/bjones/Development/Projects/edairy_desktop,com.agritrace.edairy.desktop.dairy.locations.ui
plugin@com.agritrace.edairy.desktop.finance.ui=COPY,/Users/bjones/Development/Projects/edairy_desktop,com.agritrace.edairy.desktop.finance.ui
plugin@com.agritrace.edairy.desktop=COPY,/Users/bjones/Development/Projects/edairy_desktop,com.agritrace.edairy.desktop
plugin@com.agritrace.edairy.desktop.install=COPY,/Users/bjones/Development/Projects/edairy_desktop,com.agritrace.edairy.desktop.install
plugin@com.agritrace.edairy.desktop.suppliers.ui=COPY,/Users/bjones/Development/Projects/edairy_desktop,com.agritrace.edairy.desktop.operations.ui
plugin@com.agritrace.edairy.desktop.services.ui=COPY,/Users/bjones/Development/Projects/edairy_desktop,com.agritrace.edairy.desktop.services.ui
plugin@com.agritrace.edairy.desktop.collections.scaledata=COPY,/Users/bjones/Development/Projects/edairy_desktop,com.agritrace.edairy.desktop.collections.scaledata
plugin@com.agritrace.edairy.desktop.deliveries.ui=COPY,/Users/bjones/Development/Projects/edairy_desktop,com.agritrace.edairy.desktop.deliveries.ui
plugin@com.agritrace.edairy.desktop.icons=COPY,/Users/bjones/Development/Projects/edairy_desktop,com.agritrace.edairy.desktop.icons
plugin@com.agritrace.edairy.desktop.collection.ui=COPY,/Users/bjones/Development/Projects/edairy_desktop,com.agritrace.edairy.desktop.collection.ui
plugin@com.agritrace.edairy.desktop.home.ui=COPY,/Users/bjones/Development/Projects/edairy_desktop,com.agritrace.edairy.desktop.home.ui
plugin@com.agritrace.edairy.desktop.common.ui=COPY,/Users/bjones/Development/Projects/edairy_desktop,com.agritrace.edairy.desktop.common.ui
plugin@com.agritrace.edairy.desktop.common.persistence=COPY,/Users/bjones/Development/Projects/edairy_desktop,com.agritrace.edairy.desktop.common.persistence
plugin@com.agritrace.edairy.desktop.member.ui=COPY,/Users/bjones/Development/Projects/edairy_desktop,com.agritrace.edairy.desktop.member.ui
plugin@com.agritrace.edairy.desktop.dairy.vehicles.ui=COPY,/Users/bjones/Development/Projects/edairy_desktop,com.agritrace.edairy.desktop.dairy.vehicles.ui
plugin@com.agritrace.edairy.desktop.dairy.profile.ui=COPY,/Users/bjones/Development/Projects/edairy_desktop,com.agritrace.edairy.desktop.dairy.profile.ui
plugin@com.agritrace.edairy.desktop.common.model=COPY,/Users/bjones/Development/Projects/edairy_desktop,com.agritrace.edairy.desktop.common.model
plugin@com.agritrace.edairy.desktop.system.ui=COPY,/Users/bjones/Development/Projects/edairy_desktop,com.agritrace.edairy.desktop.system.ui
fragment@com.agritrace.edairy.desktop.persistence.resources.config=COPY,/Users/bjones/Development/Projects/edairy_desktop,com.agritrace.edairy.desktop.persistence.resources.config
plugin@org.eclipse.riena.ui.ridgets=COPY,/Users/bjones/Development/Projects/edairy_desktop,org.eclipse.riena.ui.ridgets
plugin@com.csvreader=COPY,/Users/bjones/Development/Projects/edairy_desktop,com.csvreader
plugin@org.eclipse.riena.ui.ridgets.swt=COPY,/Users/bjones/Development/Projects/edairy_desktop,org.eclipse.riena.ui.ridgets.swt
plugin@com.agritrace.ediary.desktop.reports=COPY,/Users/bjones/Development/Projects/edairy_desktop,com.agritrace.ediary.desktop.reports
plugin@com.agritrace.edairy.desktop.finance.payments=COPY,/Users/bjones/Development/Projects/edairy_desktop,com.agritrace.edairy.desktop.finance.payments
